npm notice run perfect-tax-landing@1.0.0 build
npm notice run sass scss/main.scss assets/css/main.css --style=compressed --no-source-map
DEPRECATION WARNING [import]: Sass @import rules are deprecated and will be removed in Dart Sass 3.0.0.

More info and automated migrator: https://sass-lang.com/d/import

  ╷
1 │ @import "../node_modules/bootstrap/scss/bootstrap";
  │         ^^^^^^^^^^^^^^^^^^^^^^^^^^^^^^^^^^^^^^^^^^
  ╵
    scss\main.scss 1:9  root stylesheet

DEPRECATION WARNING [import]: Sass @import rules are deprecated and will be removed in Dart Sass 3.0.0.

More info and automated migrator: https://sass-lang.com/d/import

  ╷
2 │ @import "abstracts/variables";
  │         ^^^^^^^^^^^^^^^^^^^^^
  ╵
    scss\main.scss 2:9  root stylesheet

DEPRECATION WARNING [import]: Sass @import rules are deprecated and will be removed in Dart Sass 3.0.0.

More info and automated migrator: https://sass-lang.com/d/import

  ╷
3 │ @import "abstracts/mixins";
  │         ^^^^^^^^^^^^^^^^^^
  ╵
    scss\main.scss 3:9  root stylesheet

DEPRECATION WARNING [import]: Sass @import rules are deprecated and will be removed in Dart Sass 3.0.0.

More info and automated migrator: https://sass-lang.com/d/import

  ╷
4 │ @import "base/reset";
  │         ^^^^^^^^^^^^
  ╵
    scss\main.scss 4:9  root stylesheet

DEPRECATION WARNING [import]: Sass @import rules are deprecated and will be removed in Dart Sass 3.0.0.

More info and automated migrator: https://sass-lang.com/d/import

  ╷
5 │ @import "base/typography";
  │         ^^^^^^^^^^^^^^^^^
  ╵
    scss\main.scss 5:9  root stylesheet

DEPRECATION WARNING [global-builtin]: Global built-in functions are deprecated and will be removed in Dart Sass 3.0.0.
Use color.mix instead.

More info and automated migrator: https://sass-lang.com/d/import

    ╷
207 │   @return mix(white, $color, $weight);
    │           ^^^^^^^^^^^^^^^^^^^^^^^^^^^
    ╵
    node_modules\bootstrap\scss\_functions.scss 207:11  tint-color()
    node_modules\bootstrap\scss\_variables.scss 79:12   @import
    node_modules\bootstrap\scss\bootstrap.scss 8:9      @import
    scss\main.scss 1:9                                  root stylesheet

DEPRECATION WARNING [global-builtin]: Global built-in functions are deprecated and will be removed in Dart Sass 3.0.0.
Use color.mix instead.

More info and automated migrator: https://sass-lang.com/d/import

    ╷
212 │   @return mix(black, $color, $weight);
    │           ^^^^^^^^^^^^^^^^^^^^^^^^^^^
    ╵
    node_modules\bootstrap\scss\_functions.scss 212:11  shade-color()
    node_modules\bootstrap\scss\_variables.scss 84:12   @import
    node_modules\bootstrap\scss\bootstrap.scss 8:9      @import
    scss\main.scss 1:9                                  root stylesheet

DEPRECATION WARNING [global-builtin]: Global built-in functions are deprecated and will be removed in Dart Sass 3.0.0.
Use color.mix instead.

More info and automated migrator: https://sass-lang.com/d/import

    ╷
342 │ $light-bg-subtle:         mix($gray-100, $white) !default;
    │                           ^^^^^^^^^^^^^^^^^^^^^^
    ╵
    node_modules\bootstrap\scss\_variables.scss 342:27  @import
    node_modules\bootstrap\scss\bootstrap.scss 8:9      @import
    scss\main.scss 1:9                                  root stylesheet

DEPRECATION WARNING [global-builtin]: Global built-in functions are deprecated and will be removed in Dart Sass 3.0.0.
Use math.unit instead.

More info and automated migrator: https://sass-lang.com/d/import

   ╷
11 │     @if $prev-num == null or unit($num) == "%" or unit($prev-num) == "%" {
   │                              ^^^^^^^^^^
   ╵
    node_modules\bootstrap\scss\_functions.scss 11:30  -assert-ascending()
    node_modules\bootstrap\scss\_variables.scss 494:1  @import
    node_modules\bootstrap\scss\bootstrap.scss 8:9     @import
    scss\main.scss 1:9                                 root stylesheet

DEPRECATION WARNING [global-builtin]: Global built-in functions are deprecated and will be removed in Dart Sass 3.0.0.
Use math.unit instead.

More info and automated migrator: https://sass-lang.com/d/import

   ╷
11 │     @if $prev-num == null or unit($num) == "%" or unit($prev-num) == "%" {
   │                                                   ^^^^^^^^^^^^^^^
   ╵
    node_modules\bootstrap\scss\_functions.scss 11:51  -assert-ascending()
    node_modules\bootstrap\scss\_variables.scss 494:1  @import
    node_modules\bootstrap\scss\bootstrap.scss 8:9     @import
    scss\main.scss 1:9                                 root stylesheet

DEPRECATION WARNING [color-functions]: red() is deprecated. Suggestion:

color.channel($color, "red", $space: rgb)

More info: https://sass-lang.com/d/color-functions

    ╷
185 │     "r": red($color),
    │          ^^^^^^^^^^^
    ╵
    node_modules\bootstrap\scss\_functions.scss 185:10  luminance()
    node_modules\bootstrap\scss\_functions.scss 174:8   contrast-ratio()
    node_modules\bootstrap\scss\_functions.scss 159:22  color-contrast()
    node_modules\bootstrap\scss\_variables.scss 846:42  @import
    node_modules\bootstrap\scss\bootstrap.scss 8:9      @import
    scss\main.scss 1:9                                  root stylesheet

DEPRECATION WARNING [color-functions]: green() is deprecated. Suggestion:

color.channel($color, "green", $space: rgb)

More info: https://sass-lang.com/d/color-functions

    ╷
186 │     "g": green($color),
    │          ^^^^^^^^^^^^^
    ╵
    node_modules\bootstrap\scss\_functions.scss 186:10  luminance()
    node_modules\bootstrap\scss\_functions.scss 174:8   contrast-ratio()
    node_modules\bootstrap\scss\_functions.scss 159:22  color-contrast()
    node_modules\bootstrap\scss\_variables.scss 846:42  @import
    node_modules\bootstrap\scss\bootstrap.scss 8:9      @import
    scss\main.scss 1:9                                  root stylesheet

DEPRECATION WARNING [color-functions]: blue() is deprecated. Suggestion:

color.channel($color, "blue", $space: rgb)

More info: https://sass-lang.com/d/color-functions

    ╷
187 │     "b": blue($color)
    │          ^^^^^^^^^^^^
    ╵
    node_modules\bootstrap\scss\_functions.scss 187:10  luminance()
    node_modules\bootstrap\scss\_functions.scss 174:8   contrast-ratio()
    node_modules\bootstrap\scss\_functions.scss 159:22  color-contrast()
    node_modules\bootstrap\scss\_variables.scss 846:42  @import
    node_modules\bootstrap\scss\bootstrap.scss 8:9      @import
    scss\main.scss 1:9                                  root stylesheet

DEPRECATION WARNING [color-functions]: red() is deprecated. Suggestion:

color.channel($color, "red", $space: rgb)

More info: https://sass-lang.com/d/color-functions

   ╷
37 │   @return red($value), green($value), blue($value);
   │           ^^^^^^^^^^^
   ╵
    node_modules\bootstrap\scss\_functions.scss 37:11   to-rgb()
    node_modules\bootstrap\scss\_variables.scss 846:31  @import
    node_modules\bootstrap\scss\bootstrap.scss 8:9      @import
    scss\main.scss 1:9                                  root stylesheet

DEPRECATION WARNING [color-functions]: green() is deprecated. Suggestion:

color.channel($color, "green", $space: rgb)

More info: https://sass-lang.com/d/color-functions

   ╷
37 │   @return red($value), green($value), blue($value);
   │                        ^^^^^^^^^^^^^
   ╵
    node_modules\bootstrap\scss\_functions.scss 37:24   to-rgb()
    node_modules\bootstrap\scss\_variables.scss 846:31  @import
    node_modules\bootstrap\scss\bootstrap.scss 8:9      @import
    scss\main.scss 1:9                                  root stylesheet

WARNING: 242 repetitive deprecation warnings omitted.
Run in verbose mode to see all warnings.

